#! /usr/bin/vvp
:ivl_version "10.1 (stable)";
:ivl_delay_selection "TYPICAL";
:vpi_time_precision + 0;
:vpi_module "system";
:vpi_module "vhdl_sys";
:vpi_module "v2005_math";
:vpi_module "va_math";
S_0x7fffbeade340 .scope module, "keypad_decoder" "keypad_decoder" 2 21;
 .timescale 0 0;
    .port_info 0 /OUTPUT 1 "out"
    .port_info 1 /OUTPUT 4 "key"
    .port_info 2 /INPUT 4 "in"
P_0x7fffbeade4c0 .param/l "a" 0 2 30, +C4<00000000000000000000000000000001>;
P_0x7fffbeade500 .param/l "one" 0 2 27, +C4<00000000000000000000001111101000>;
P_0x7fffbeade540 .param/l "three" 0 2 29, +C4<00000000000000000000000000001010>;
P_0x7fffbeade580 .param/l "two" 0 2 28, +C4<00000000000000000000000001100100>;
o0x7f661d950018 .functor BUFZ 4, C4<zzzz>; HiZ drive
v0x7fffbeade810_0 .net "in", 3 0, o0x7f661d950018;  0 drivers
v0x7fffbeafe8b0_0 .var "key", 3 0;
v0x7fffbeafe990_0 .var "out", 0 0;
E_0x7fffbeadb7d0 .event edge, v0x7fffbeade810_0;
    .scope S_0x7fffbeade340;
T_0 ;
    %wait E_0x7fffbeadb7d0;
    %load/vec4 v0x7fffbeade810_0;
    %pad/u 10;
    %dup/vec4;
    %pushi/vec4 1000, 0, 10;
    %cmp/u;
    %jmp/1 T_0.0, 6;
    %dup/vec4;
    %pushi/vec4 100, 0, 10;
    %cmp/u;
    %jmp/1 T_0.1, 6;
    %dup/vec4;
    %pushi/vec4 10, 0, 10;
    %cmp/u;
    %jmp/1 T_0.2, 6;
    %dup/vec4;
    %pushi/vec4 1, 0, 10;
    %cmp/u;
    %jmp/1 T_0.3, 6;
    %jmp T_0.4;
T_0.0 ;
    %pushi/vec4 1, 0, 4;
    %store/vec4 v0x7fffbeafe8b0_0, 0, 4;
    %jmp T_0.4;
T_0.1 ;
    %pushi/vec4 10, 0, 4;
    %store/vec4 v0x7fffbeafe8b0_0, 0, 4;
    %jmp T_0.4;
T_0.2 ;
    %pushi/vec4 11, 0, 4;
    %store/vec4 v0x7fffbeafe8b0_0, 0, 4;
    %jmp T_0.4;
T_0.3 ;
    %pushi/vec4 2, 0, 4;
    %store/vec4 v0x7fffbeafe8b0_0, 0, 4;
    %jmp T_0.4;
T_0.4 ;
    %pop/vec4 1;
    %jmp T_0;
    .thread T_0, $push;
# The file index is used to find the file name in the following table.
:file_names 3;
    "N/A";
    "<interactive>";
    "keypad_decoder.v";
